// Jest Snapshot v1, https://goo.gl/fbAQLP

exports[`Article component unit tests should match snapshot 1`] = `ShallowWrapper {}`;
